CLI new game: exit 0
The Dead Relay [provisional_canon]
Commands: number = choose, state = summary, save = save, quit = exit

== The Last Light in Platform Nine ==
The district blackout reaches the tram depot before the evacuation order does. Emergency strips burn red along the floor. A maintenance courier lies conscious beside a dead relay case, too injured to carry it farther. Tamsin, a systems apprentice, is trying to keep the depot doors powered long enough for the remaining passengers to leave.

1. Take responsibility for the relay case.
> [TAKE_DEAD_RELAY] -> default | time=2m

== A Case That Should Be Empty ==
The relay is an obsolete municipal model. Its outer casing is cold, but a faint status pulse repeats from inside. The address plate has been physically scraped away.

1. Use the maintenance seal to open the casing without damaging it.
2. Force the damaged casing and risk destroying the remaining signal.
> Saved: <temporary-directory>/save.json

== A Case That Should Be Empty ==
The relay is an obsolete municipal model. Its outer casing is cold, but a faint status pulse repeats from inside. The address plate has been physically scraped away.

1. Use the maintenance seal to open the casing without damaging it.
2. Force the damaged casing and risk destroying the remaining signal.
>
CLI resume: exit 0
The Dead Relay [provisional_canon]
Commands: number = choose, state = summary, save = save, quit = exit

== A Case That Should Be Empty ==
The relay is an obsolete municipal model. Its outer casing is cold, but a faint status pulse repeats from inside. The address plate has been physically scraped away.

1. Use the maintenance seal to open the casing without damaging it.
2. Force the damaged casing and risk destroying the remaining signal.
> Scene: OPENING_RELAY_CASING
Turn: 1
Time: 2 minutes
Party: solo
Resources: {"focus": 60, "health": 100, "resolve": 50, "stamina": 70}
Quests: QUEST_DEAD_RELAY: active / STAGE_RELAY

== A Case That Should Be Empty ==
The relay is an obsolete municipal model. Its outer casing is cold, but a faint status pulse repeats from inside. The address plate has been physically scraped away.

1. Use the maintenance seal to open the casing without damaging it.
2. Force the damaged casing and risk destroying the remaining signal.
> Saved: <temporary-directory>/resumed.json

== A Case That Should Be Empty ==
The relay is an obsolete municipal model. Its outer casing is cold, but a faint status pulse repeats from inside. The address plate has been physically scraped away.

1. Use the maintenance seal to open the casing without damaging it.
2. Force the damaged casing and risk destroying the remaining signal.
>
Saved state matches resumed state: yes
