test_authored_hidden_perk_stays_hidden_after_grant_and_save (test_status.StatusProjectionTests.test_authored_hidden_perk_stays_hidden_after_grant_and_save) ... FAIL
test_deep_status_inspection_honors_hidden_condition_definition (test_status.StatusProjectionTests.test_deep_status_inspection_honors_hidden_condition_definition) ... ok
test_deep_status_inspection_redacts_hidden_condition_identifier (test_status.StatusProjectionTests.test_deep_status_inspection_redacts_hidden_condition_identifier) ... ok
test_deep_status_inspection_rejects_hidden_or_raw_paths (test_status.StatusProjectionTests.test_deep_status_inspection_rejects_hidden_or_raw_paths) ... ok
test_deep_status_inspection_uses_rules_explainability (test_status.StatusProjectionTests.test_deep_status_inspection_uses_rules_explainability) ... ok
test_definition_hidden_perks_are_redacted_in_derived_breakdowns (test_status.StatusProjectionTests.test_definition_hidden_perks_are_redacted_in_derived_breakdowns) ... FAIL
test_hidden_condition_definition_is_not_exposed (test_status.StatusProjectionTests.test_hidden_condition_definition_is_not_exposed) ... ok
test_hidden_perk_provenance_is_redacted_after_save_resume (test_status.StatusProjectionTests.test_hidden_perk_provenance_is_redacted_after_save_resume) ... FAIL
test_malformed_perk_visibility_cannot_silently_become_visible (test_status.StatusProjectionTests.test_malformed_perk_visibility_cannot_silently_become_visible) ...
  test_malformed_perk_visibility_cannot_silently_become_visible (test_status.StatusProjectionTests.test_malformed_perk_visibility_cannot_silently_become_visible) (bad=0) ... FAIL
  test_malformed_perk_visibility_cannot_silently_become_visible (test_status.StatusProjectionTests.test_malformed_perk_visibility_cannot_silently_become_visible) (bad=None) ... FAIL
  test_malformed_perk_visibility_cannot_silently_become_visible (test_status.StatusProjectionTests.test_malformed_perk_visibility_cannot_silently_become_visible) (bad='false') ... FAIL
  test_malformed_perk_visibility_cannot_silently_become_visible (test_status.StatusProjectionTests.test_malformed_perk_visibility_cannot_silently_become_visible) (bad=[]) ... FAIL
test_resources_use_derived_max_without_mutating_current_value (test_status.StatusProjectionTests.test_resources_use_derived_max_without_mutating_current_value) ... ok
test_status_projection_rejects_structured_identity_leak (test_status.StatusProjectionTests.test_status_projection_rejects_structured_identity_leak) ... ok
test_status_projection_uses_rules_and_does_not_mutate_state (test_status.StatusProjectionTests.test_status_projection_uses_rules_and_does_not_mutate_state) ... ok
test_file_loader_rejects_non_finite_numbers_in_metadata (test_content.ContentPackTests.test_file_loader_rejects_non_finite_numbers_in_metadata) ... ok
test_invalid_character_visual_record_is_rejected (test_content.ContentPackTests.test_invalid_character_visual_record_is_rejected) ... ok
test_invalid_initial_attribute_is_rejected (test_content.ContentPackTests.test_invalid_initial_attribute_is_rejected) ... ok
test_invalid_initial_knowledge_container_is_rejected_cleanly (test_content.ContentPackTests.test_invalid_initial_knowledge_container_is_rejected_cleanly) ... ok
test_invalid_initial_player_container_is_rejected_cleanly (test_content.ContentPackTests.test_invalid_initial_player_container_is_rejected_cleanly) ... ok
test_invalid_initial_turn_type_is_rejected_cleanly (test_content.ContentPackTests.test_invalid_initial_turn_type_is_rejected_cleanly) ... ok
test_load_vertical_slice_builds_state_and_engine (test_content.ContentPackTests.test_load_vertical_slice_builds_state_and_engine) ... ok
test_perk_registry_visibility_reaches_status_without_extra_client_context (test_content.ContentPackTests.test_perk_registry_visibility_reaches_status_without_extra_client_context) ... FAIL
test_unknown_initial_inventory_registry_id_is_rejected (test_content.ContentPackTests.test_unknown_initial_inventory_registry_id_is_rejected) ... ok
test_unknown_initial_scene_is_rejected (test_content.ContentPackTests.test_unknown_initial_scene_is_rejected) ... ok
test_unknown_initial_state_field_is_rejected (test_content.ContentPackTests.test_unknown_initial_state_field_is_rejected) ... ok
test_boolean_power_resource_is_rejected (test_powers.PowerRuntimeTests.test_boolean_power_resource_is_rejected) ... ok
test_cooldown_uses_world_time (test_powers.PowerRuntimeTests.test_cooldown_uses_world_time) ... ok
test_corrupt_mastery_state_is_rejected_before_technique_spend (test_powers.PowerRuntimeTests.test_corrupt_mastery_state_is_rejected_before_technique_spend) ... ok
test_corrupt_technique_mastery_is_rejected_without_mutation (test_powers.PowerRuntimeTests.test_corrupt_technique_mastery_is_rejected_without_mutation) ... ok
test_discover_ability_creates_shell_without_free_mastery (test_powers.PowerRuntimeTests.test_discover_ability_creates_shell_without_free_mastery) ... ok
test_discover_ability_rejects_malformed_metadata_before_history_mutation (test_powers.PowerRuntimeTests.test_discover_ability_rejects_malformed_metadata_before_history_mutation) ... ok
test_discover_ability_rejects_non_iterable_tags_as_rule_error (test_powers.PowerRuntimeTests.test_discover_ability_rejects_non_iterable_tags_as_rule_error) ... ok
test_discover_technique_records_discovery_once (test_powers.PowerRuntimeTests.test_discover_technique_records_discovery_once) ... ok
test_discover_technique_requires_non_empty_id_and_valid_container (test_powers.PowerRuntimeTests.test_discover_technique_requires_non_empty_id_and_valid_container) ... ok
test_discovery_rejects_bad_history_without_creating_state (test_powers.PowerRuntimeTests.test_discovery_rejects_bad_history_without_creating_state) ... ok
test_drawback_applies_authored_condition (test_powers.PowerRuntimeTests.test_drawback_applies_authored_condition) ... ok
test_evolution_changes_form_grants_perk_and_cannot_repeat (test_powers.PowerRuntimeTests.test_evolution_changes_form_grants_perk_and_cannot_repeat) ... ok
test_evolution_preserves_granted_perk_visibility (test_powers.PowerRuntimeTests.test_evolution_preserves_granted_perk_visibility) ... FAIL
test_evolution_rejects_corrupt_tags_before_any_commit (test_powers.PowerRuntimeTests.test_evolution_rejects_corrupt_tags_before_any_commit) ... ok
test_evolution_rejects_invalid_history_before_commit (test_powers.PowerRuntimeTests.test_evolution_rejects_invalid_history_before_commit) ... ok
test_evolution_rejects_invalid_inventory_quantity_before_commit (test_powers.PowerRuntimeTests.test_evolution_rejects_invalid_inventory_quantity_before_commit) ... ok
test_evolution_rejects_invalid_perk_visibility_without_mutation (test_powers.PowerRuntimeTests.test_evolution_rejects_invalid_perk_visibility_without_mutation) ... FAIL
test_evolution_requirements_use_effective_stats (test_powers.PowerRuntimeTests.test_evolution_requirements_use_effective_stats) ... ok
test_evolution_requires_technique_stage_and_other_prerequisites (test_powers.PowerRuntimeTests.test_evolution_requires_technique_stage_and_other_prerequisites) ... ok
test_failed_technique_discovery_does_not_create_empty_container (test_powers.PowerRuntimeTests.test_failed_technique_discovery_does_not_create_empty_container) ... ok
test_fractional_item_requirement_is_rejected (test_powers.PowerRuntimeTests.test_fractional_item_requirement_is_rejected) ... ok
test_insufficient_resource_rejects_without_partial_spend (test_powers.PowerRuntimeTests.test_insufficient_resource_rejects_without_partial_spend) ... ok
test_invalid_cost_path_is_rejected_before_any_mutation (test_powers.PowerRuntimeTests.test_invalid_cost_path_is_rejected_before_any_mutation) ... ok
test_invalid_discovery_requirement_definition_is_rejected (test_powers.PowerRuntimeTests.test_invalid_discovery_requirement_definition_is_rejected) ... ok
test_invalid_drawback_modifier_path_is_rejected_before_spending (test_powers.PowerRuntimeTests.test_invalid_drawback_modifier_path_is_rejected_before_spending) ... ok
test_invalid_evolution_definition_is_rejected_before_mutation (test_powers.PowerRuntimeTests.test_invalid_evolution_definition_is_rejected_before_mutation) ... ok
test_invalid_evolution_form_is_definition_error (test_powers.PowerRuntimeTests.test_invalid_evolution_form_is_definition_error) ... ok
test_invalid_evolution_perk_modifier_is_rejected_before_form_or_item_mutation (test_powers.PowerRuntimeTests.test_invalid_evolution_perk_modifier_is_rejected_before_form_or_item_mutation) ... ok
test_invalid_power_definition_does_not_create_ability_or_resource (test_powers.PowerRuntimeTests.test_invalid_power_definition_does_not_create_ability_or_resource) ... ok
test_invalid_power_resource_definition_is_rejected (test_powers.PowerRuntimeTests.test_invalid_power_resource_definition_is_rejected) ... ok
test_invalid_technique_definition_is_rejected_before_mutation (test_powers.PowerRuntimeTests.test_invalid_technique_definition_is_rejected_before_mutation) ... ok
test_invalid_technique_mastery_numbers_are_rejected (test_powers.PowerRuntimeTests.test_invalid_technique_mastery_numbers_are_rejected) ... ok
test_player_view_rejects_boolean_numeric_fields (test_powers.PowerRuntimeTests.test_player_view_rejects_boolean_numeric_fields) ... ok
test_player_view_rejects_non_finite_or_invalid_projection_state (test_powers.PowerRuntimeTests.test_player_view_rejects_non_finite_or_invalid_projection_state) ... ok
test_player_view_rejects_non_string_known_requirements (test_powers.PowerRuntimeTests.test_player_view_rejects_non_string_known_requirements) ... ok
test_player_view_rejects_unsafe_resource_projection_paths (test_powers.PowerRuntimeTests.test_player_view_rejects_unsafe_resource_projection_paths) ... ok
test_player_view_reports_cooldown_remaining_without_advancing_time (test_powers.PowerRuntimeTests.test_player_view_reports_cooldown_remaining_without_advancing_time) ... ok
test_player_view_shows_only_discovered_techniques_and_visible_evolutions (test_powers.PowerRuntimeTests.test_player_view_shows_only_discovered_techniques_and_visible_evolutions) ... ok
test_player_view_supports_canonical_power_resource_schema (test_powers.PowerRuntimeTests.test_player_view_supports_canonical_power_resource_schema) ... ok
test_power_definition_rejects_non_finite_or_invalid_resource_values (test_powers.PowerRuntimeTests.test_power_definition_rejects_non_finite_or_invalid_resource_values) ... ok
test_power_definition_resource_contract_and_atomic_recovery (test_powers.PowerRuntimeTests.test_power_definition_resource_contract_and_atomic_recovery) ... ok
test_power_definition_resource_contract_and_recovery (test_powers.PowerRuntimeTests.test_power_definition_resource_contract_and_recovery) ... ok
test_power_recovery_preflights_time_before_resource_mutation (test_powers.PowerRuntimeTests.test_power_recovery_preflights_time_before_resource_mutation) ... ok
test_power_requirements_use_effective_attribute_values_with_sets (test_powers.PowerRuntimeTests.test_power_requirements_use_effective_attribute_values_with_sets) ... ok
test_power_resource_rejects_boolean_nan_and_over_cap_state (test_powers.PowerRuntimeTests.test_power_resource_rejects_boolean_nan_and_over_cap_state) ... ok
test_power_validation_rejects_unknown_and_self_technique_dependencies (test_powers.PowerRuntimeTests.test_power_validation_rejects_unknown_and_self_technique_dependencies) ... ok
test_practice_rejects_insufficient_resources_without_partial_mutation (test_powers.PowerRuntimeTests.test_practice_rejects_insufficient_resources_without_partial_mutation) ... ok
test_practice_rejects_invalid_numeric_inputs_without_mutation (test_powers.PowerRuntimeTests.test_practice_rejects_invalid_numeric_inputs_without_mutation) ... ok
test_practice_rejects_invalid_timed_condition_before_progression_mutation (test_powers.PowerRuntimeTests.test_practice_rejects_invalid_timed_condition_before_progression_mutation) ... ok
test_practice_technique_costs_time_resources_and_progresses_slowly (test_powers.PowerRuntimeTests.test_practice_technique_costs_time_resources_and_progresses_slowly) ... ok
test_practice_technique_uses_diminishing_returns_and_mentor_bonus (test_powers.PowerRuntimeTests.test_practice_technique_uses_diminishing_returns_and_mentor_bonus) ... ok
test_technique_discovery_requirements_block_until_earned (test_powers.PowerRuntimeTests.test_technique_discovery_requirements_block_until_earned) ... ok
test_technique_stage_thresholds (test_powers.PowerRuntimeTests.test_technique_stage_thresholds) ... ok
test_unknown_power_requirement_ids_are_definition_errors (test_powers.PowerRuntimeTests.test_unknown_power_requirement_ids_are_definition_errors) ... ok
test_use_can_advance_overall_ability_mastery (test_powers.PowerRuntimeTests.test_use_can_advance_overall_ability_mastery) ... ok
test_use_can_advance_technique_mastery (test_powers.PowerRuntimeTests.test_use_can_advance_technique_mastery) ... ok
test_use_rejects_corrupt_condition_container_before_spend (test_powers.PowerRuntimeTests.test_use_rejects_corrupt_condition_container_before_spend) ... ok
test_use_spends_resources_sets_cooldown_and_records_history (test_powers.PowerRuntimeTests.test_use_spends_resources_sets_cooldown_and_records_history) ... ok
test_assert_valid_raises (test_validation.ValidationTests.test_assert_valid_raises) ... ok
test_check_skill_must_use_skill_namespace (test_validation.ValidationTests.test_check_skill_must_use_skill_namespace) ... ok
test_choice_time_cost_must_be_non_negative_integer (test_validation.ValidationTests.test_choice_time_cost_must_be_non_negative_integer) ... ok
test_content_pack_does_not_silently_coerce_falsey_invalid_roots (test_validation.ValidationTests.test_content_pack_does_not_silently_coerce_falsey_invalid_roots) ... ok
test_content_pack_rejects_unknown_power_reference (test_validation.ValidationTests.test_content_pack_rejects_unknown_power_reference) ... ok
test_content_pack_rejects_unknown_technique_reference (test_validation.ValidationTests.test_content_pack_rejects_unknown_technique_reference) ... ok
test_content_pack_reports_unknown_quest_stage_reference (test_validation.ValidationTests.test_content_pack_reports_unknown_quest_stage_reference) ... ok
test_content_pack_validates_scene_quest_stage_reference (test_validation.ValidationTests.test_content_pack_validates_scene_quest_stage_reference) ... ok
test_duplicate_choice_and_missing_scene_are_reported (test_validation.ValidationTests.test_duplicate_choice_and_missing_scene_are_reported) ... ok
test_invalid_stat_and_perk_modifier_paths_are_reported (test_validation.ValidationTests.test_invalid_stat_and_perk_modifier_paths_are_reported) ... ok
test_npc_goal_effect_contract_is_strict (test_validation.ValidationTests.test_npc_goal_effect_contract_is_strict) ... ok
test_perk_visibility_must_be_boolean_in_effects_and_registries (test_validation.ValidationTests.test_perk_visibility_must_be_boolean_in_effects_and_registries) ...
  test_perk_visibility_must_be_boolean_in_effects_and_registries (test_validation.ValidationTests.test_perk_visibility_must_be_boolean_in_effects_and_registries) (bad=0) ... FAIL
  test_perk_visibility_must_be_boolean_in_effects_and_registries (test_validation.ValidationTests.test_perk_visibility_must_be_boolean_in_effects_and_registries) (bad=None) ... FAIL
  test_perk_visibility_must_be_boolean_in_effects_and_registries (test_validation.ValidationTests.test_perk_visibility_must_be_boolean_in_effects_and_registries) (bad='false') ... FAIL
  test_perk_visibility_must_be_boolean_in_effects_and_registries (test_validation.ValidationTests.test_perk_visibility_must_be_boolean_in_effects_and_registries) (bad=[]) ... FAIL
test_power_effect_ids_must_be_stable (test_validation.ValidationTests.test_power_effect_ids_must_be_stable) ... ok
test_power_recovery_effect_contract_is_strict (test_validation.ValidationTests.test_power_recovery_effect_contract_is_strict) ... ok
test_quest_validator_rejects_non_mapping_root_without_crash (test_validation.ValidationTests.test_quest_validator_rejects_non_mapping_root_without_crash) ... ok
test_registry_cross_reference_checks_power_drawback_condition (test_validation.ValidationTests.test_registry_cross_reference_checks_power_drawback_condition) ... ok
test_registry_cross_reference_skips_malformed_scene_nodes_after_reporting_shape (test_validation.ValidationTests.test_registry_cross_reference_skips_malformed_scene_nodes_after_reporting_shape) ... ok
test_registry_validation_and_scene_cross_reference (test_validation.ValidationTests.test_registry_validation_and_scene_cross_reference) ... ok
test_resource_requirements_validate_separately_from_modifier_paths (test_validation.ValidationTests.test_resource_requirements_validate_separately_from_modifier_paths) ... ok
test_sample_content_is_valid (test_validation.ValidationTests.test_sample_content_is_valid) ... ok
test_scene_validator_rejects_non_mapping_root_without_crash (test_validation.ValidationTests.test_scene_validator_rejects_non_mapping_root_without_crash) ... ok
test_structural_authoring_errors_are_reported_not_crashed (test_validation.ValidationTests.test_structural_authoring_errors_are_reported_not_crashed) ... ok

======================================================================
FAIL: test_authored_hidden_perk_stays_hidden_after_grant_and_save (test_status.StatusProjectionTests.test_authored_hidden_perk_stays_hidden_after_grant_and_save)
----------------------------------------------------------------------
Traceback (most recent call last):
  File "$REPO/tests/test_status.py", line 69, in test_authored_hidden_perk_stays_hidden_after_grant_and_save
    self.assertIs(loaded.perks["PERK_HIDDEN"].get("visible"), False)
AssertionError: None is not False

======================================================================
FAIL: test_definition_hidden_perks_are_redacted_in_derived_breakdowns (test_status.StatusProjectionTests.test_definition_hidden_perks_are_redacted_in_derived_breakdowns)
----------------------------------------------------------------------
Traceback (most recent call last):
  File "$REPO/tests/test_status.py", line 42, in test_definition_hidden_perks_are_redacted_in_derived_breakdowns
    self.assertNotIn("PERK_SECRET_CAP", repr(view))
AssertionError: 'PERK_SECRET_CAP' unexpectedly found in "{'path': 'derived.max_health', 'kind': 'derived', 'total': 92.0, 'breakdown': {'name': 'max_health', 'base_constant': 50.0, 'inputs': {'attributes.endurance': {'effective_value': 14.0, 'weight': 2.0, 'contribution': 28.0}, 'attributes.will': {'effective_value': 12.0, 'weight': 0.5, 'contribution': 6.0}}, 'formula_total': 84.0, 'direct_modifiers': {'base': 0.0, 'set:SET_STATUS:2': 5.0, 'perk:PERK_SECRET_CAP': 7.0, 'total': 8.0, 'unidentified_modifier': -4.0}, 'direct_modifier_total': 8.0, 'raw_total': 92.0, 'floor': 0.0, 'floor_adjustment': 0.0, 'total': 92.0}}"

======================================================================
FAIL: test_hidden_perk_provenance_is_redacted_after_save_resume (test_status.StatusProjectionTests.test_hidden_perk_provenance_is_redacted_after_save_resume)
----------------------------------------------------------------------
Traceback (most recent call last):
  File "$REPO/tests/test_status.py", line 26, in test_hidden_perk_provenance_is_redacted_after_save_resume
    self.assertNotIn("PERK_HIDDEN", repr(view))
AssertionError: 'PERK_HIDDEN' unexpectedly found in "{'path': 'attributes.will', 'kind': 'effective', 'total': 18.0, 'breakdown': {'base': 13.0, 'perk:PERK_HIDDEN': 4.0, 'perk:PERK_PUBLIC': 2.0, 'total': 18.0, 'unidentified_modifier': -1.0}}"

======================================================================
FAIL: test_malformed_perk_visibility_cannot_silently_become_visible (test_status.StatusProjectionTests.test_malformed_perk_visibility_cannot_silently_become_visible) (bad=0)
----------------------------------------------------------------------
Traceback (most recent call last):
  File "$REPO/tests/test_status.py", line 52, in test_malformed_perk_visibility_cannot_silently_become_visible
    with self.assertRaises(RuleError):
         ^^^^^^^^^^^^^^^^^^^^^^^^^^^^
AssertionError: RuleError not raised

======================================================================
FAIL: test_malformed_perk_visibility_cannot_silently_become_visible (test_status.StatusProjectionTests.test_malformed_perk_visibility_cannot_silently_become_visible) (bad=None)
----------------------------------------------------------------------
Traceback (most recent call last):
  File "$REPO/tests/test_status.py", line 52, in test_malformed_perk_visibility_cannot_silently_become_visible
    with self.assertRaises(RuleError):
         ^^^^^^^^^^^^^^^^^^^^^^^^^^^^
AssertionError: RuleError not raised

======================================================================
FAIL: test_malformed_perk_visibility_cannot_silently_become_visible (test_status.StatusProjectionTests.test_malformed_perk_visibility_cannot_silently_become_visible) (bad='false')
----------------------------------------------------------------------
Traceback (most recent call last):
  File "$REPO/tests/test_status.py", line 52, in test_malformed_perk_visibility_cannot_silently_become_visible
    with self.assertRaises(RuleError):
         ^^^^^^^^^^^^^^^^^^^^^^^^^^^^
AssertionError: RuleError not raised

======================================================================
FAIL: test_malformed_perk_visibility_cannot_silently_become_visible (test_status.StatusProjectionTests.test_malformed_perk_visibility_cannot_silently_become_visible) (bad=[])
----------------------------------------------------------------------
Traceback (most recent call last):
  File "$REPO/tests/test_status.py", line 52, in test_malformed_perk_visibility_cannot_silently_become_visible
    with self.assertRaises(RuleError):
         ^^^^^^^^^^^^^^^^^^^^^^^^^^^^
AssertionError: RuleError not raised

======================================================================
FAIL: test_perk_registry_visibility_reaches_status_without_extra_client_context (test_content.ContentPackTests.test_perk_registry_visibility_reaches_status_without_extra_client_context)
----------------------------------------------------------------------
Traceback (most recent call last):
  File "$REPO/tests/test_content.py", line 23, in test_perk_registry_visibility_reaches_status_without_extra_client_context
    self.assertNotIn("PERK_TRACE_TOLERANCE", repr(view))
AssertionError: 'PERK_TRACE_TOLERANCE' unexpectedly found in "{'path': 'attributes.will', 'kind': 'effective', 'total': 43.0, 'breakdown': {'base': 40.0, 'perk:PERK_TRACE_TOLERANCE': 3.0, 'total': 43.0}}"

======================================================================
FAIL: test_evolution_preserves_granted_perk_visibility (test_powers.PowerRuntimeTests.test_evolution_preserves_granted_perk_visibility)
----------------------------------------------------------------------
Traceback (most recent call last):
  File "$REPO/tests/test_powers.py", line 33, in test_evolution_preserves_granted_perk_visibility
    self.assertIs(state.perks["PERK_HIDDEN"].get("visible"), False)
AssertionError: None is not False

======================================================================
FAIL: test_evolution_rejects_invalid_perk_visibility_without_mutation (test_powers.PowerRuntimeTests.test_evolution_rejects_invalid_perk_visibility_without_mutation)
----------------------------------------------------------------------
Traceback (most recent call last):
  File "$REPO/tests/test_powers.py", line 41, in test_evolution_rejects_invalid_perk_visibility_without_mutation
    with self.assertRaises(RuleError):
         ^^^^^^^^^^^^^^^^^^^^^^^^^^^^
AssertionError: RuleError not raised

======================================================================
FAIL: test_perk_visibility_must_be_boolean_in_effects_and_registries (test_validation.ValidationTests.test_perk_visibility_must_be_boolean_in_effects_and_registries) (bad=0)
----------------------------------------------------------------------
Traceback (most recent call last):
  File "$REPO/tests/test_validation.py", line 31, in test_perk_visibility_must_be_boolean_in_effects_and_registries
    self.assertTrue(validate_scenes(scenes))
AssertionError: [] is not true

======================================================================
FAIL: test_perk_visibility_must_be_boolean_in_effects_and_registries (test_validation.ValidationTests.test_perk_visibility_must_be_boolean_in_effects_and_registries) (bad=None)
----------------------------------------------------------------------
Traceback (most recent call last):
  File "$REPO/tests/test_validation.py", line 31, in test_perk_visibility_must_be_boolean_in_effects_and_registries
    self.assertTrue(validate_scenes(scenes))
AssertionError: [] is not true

======================================================================
FAIL: test_perk_visibility_must_be_boolean_in_effects_and_registries (test_validation.ValidationTests.test_perk_visibility_must_be_boolean_in_effects_and_registries) (bad='false')
----------------------------------------------------------------------
Traceback (most recent call last):
  File "$REPO/tests/test_validation.py", line 31, in test_perk_visibility_must_be_boolean_in_effects_and_registries
    self.assertTrue(validate_scenes(scenes))
AssertionError: [] is not true

======================================================================
FAIL: test_perk_visibility_must_be_boolean_in_effects_and_registries (test_validation.ValidationTests.test_perk_visibility_must_be_boolean_in_effects_and_registries) (bad=[])
----------------------------------------------------------------------
Traceback (most recent call last):
  File "$REPO/tests/test_validation.py", line 31, in test_perk_visibility_must_be_boolean_in_effects_and_registries
    self.assertTrue(validate_scenes(scenes))
AssertionError: [] is not true

----------------------------------------------------------------------
Ran 103 tests in 0.078s

FAILED (failures=14)
