test_resource_gate_rejects_invalid_pool_or_requirement (test_core.ResourceChoiceTests.test_resource_gate_rejects_invalid_pool_or_requirement) ... ERROR
test_resource_gate_uses_current_pool_and_includes_threshold (test_core.ResourceChoiceTests.test_resource_gate_uses_current_pool_and_includes_threshold) ...
  test_resource_gate_uses_current_pool_and_includes_threshold (test_core.ResourceChoiceTests.test_resource_gate_uses_current_pool_and_includes_threshold) (current=0) ... ERROR
  test_resource_gate_uses_current_pool_and_includes_threshold (test_core.ResourceChoiceTests.test_resource_gate_uses_current_pool_and_includes_threshold) (current=7) ... ERROR
  test_resource_gate_uses_current_pool_and_includes_threshold (test_core.ResourceChoiceTests.test_resource_gate_uses_current_pool_and_includes_threshold) (current=8) ... ERROR
  test_resource_gate_uses_current_pool_and_includes_threshold (test_core.ResourceChoiceTests.test_resource_gate_uses_current_pool_and_includes_threshold) (current=9) ... ERROR
test_resource_requirements_validate_separately_from_modifier_paths (test_validation.ValidationTests.test_resource_requirements_validate_separately_from_modifier_paths) ... FAIL

======================================================================
ERROR: test_resource_gate_rejects_invalid_pool_or_requirement (test_core.ResourceChoiceTests.test_resource_gate_rejects_invalid_pool_or_requirement)
----------------------------------------------------------------------
Traceback (most recent call last):
  File "$REPO/tests/test_core.py", line 106, in test_resource_gate_rejects_invalid_pool_or_requirement
    self.assertFalse(self.engine().available_choices(s)[0]["enabled"])
                     ^^^^^^^^^^^^^^^^^^^^^^^^^^^^^^^^^^
  File "$REPO/src/textrpg/core.py", line 215, in available_choices
    entry["enabled"] = self._conditions_met(state, choice.get("requires", []))
                       ^^^^^^^^^^^^^^^^^^^^^^^^^^^^^^^^^^^^^^^^^^^^^^^^^^^^^^^
  File "$REPO/src/textrpg/core.py", line 382, in _conditions_met
    raise RuleError(f"Unknown condition type: {kind}")
textrpg.core.RuleError: Unknown condition type: resource_min

======================================================================
ERROR: test_resource_gate_uses_current_pool_and_includes_threshold (test_core.ResourceChoiceTests.test_resource_gate_uses_current_pool_and_includes_threshold) (current=0)
----------------------------------------------------------------------
Traceback (most recent call last):
  File "$REPO/tests/test_core.py", line 88, in test_resource_gate_uses_current_pool_and_includes_threshold
    self.assertEqual(engine.available_choices(s)[0]["enabled"], enabled)
                     ^^^^^^^^^^^^^^^^^^^^^^^^^^^
  File "$REPO/src/textrpg/core.py", line 215, in available_choices
    entry["enabled"] = self._conditions_met(state, choice.get("requires", []))
                       ^^^^^^^^^^^^^^^^^^^^^^^^^^^^^^^^^^^^^^^^^^^^^^^^^^^^^^^
  File "$REPO/src/textrpg/core.py", line 382, in _conditions_met
    raise RuleError(f"Unknown condition type: {kind}")
textrpg.core.RuleError: Unknown condition type: resource_min

======================================================================
ERROR: test_resource_gate_uses_current_pool_and_includes_threshold (test_core.ResourceChoiceTests.test_resource_gate_uses_current_pool_and_includes_threshold) (current=7)
----------------------------------------------------------------------
Traceback (most recent call last):
  File "$REPO/tests/test_core.py", line 88, in test_resource_gate_uses_current_pool_and_includes_threshold
    self.assertEqual(engine.available_choices(s)[0]["enabled"], enabled)
                     ^^^^^^^^^^^^^^^^^^^^^^^^^^^
  File "$REPO/src/textrpg/core.py", line 215, in available_choices
    entry["enabled"] = self._conditions_met(state, choice.get("requires", []))
                       ^^^^^^^^^^^^^^^^^^^^^^^^^^^^^^^^^^^^^^^^^^^^^^^^^^^^^^^
  File "$REPO/src/textrpg/core.py", line 382, in _conditions_met
    raise RuleError(f"Unknown condition type: {kind}")
textrpg.core.RuleError: Unknown condition type: resource_min

======================================================================
ERROR: test_resource_gate_uses_current_pool_and_includes_threshold (test_core.ResourceChoiceTests.test_resource_gate_uses_current_pool_and_includes_threshold) (current=8)
----------------------------------------------------------------------
Traceback (most recent call last):
  File "$REPO/tests/test_core.py", line 88, in test_resource_gate_uses_current_pool_and_includes_threshold
    self.assertEqual(engine.available_choices(s)[0]["enabled"], enabled)
                     ^^^^^^^^^^^^^^^^^^^^^^^^^^^
  File "$REPO/src/textrpg/core.py", line 215, in available_choices
    entry["enabled"] = self._conditions_met(state, choice.get("requires", []))
                       ^^^^^^^^^^^^^^^^^^^^^^^^^^^^^^^^^^^^^^^^^^^^^^^^^^^^^^^
  File "$REPO/src/textrpg/core.py", line 382, in _conditions_met
    raise RuleError(f"Unknown condition type: {kind}")
textrpg.core.RuleError: Unknown condition type: resource_min

======================================================================
ERROR: test_resource_gate_uses_current_pool_and_includes_threshold (test_core.ResourceChoiceTests.test_resource_gate_uses_current_pool_and_includes_threshold) (current=9)
----------------------------------------------------------------------
Traceback (most recent call last):
  File "$REPO/tests/test_core.py", line 88, in test_resource_gate_uses_current_pool_and_includes_threshold
    self.assertEqual(engine.available_choices(s)[0]["enabled"], enabled)
                     ^^^^^^^^^^^^^^^^^^^^^^^^^^^
  File "$REPO/src/textrpg/core.py", line 215, in available_choices
    entry["enabled"] = self._conditions_met(state, choice.get("requires", []))
                       ^^^^^^^^^^^^^^^^^^^^^^^^^^^^^^^^^^^^^^^^^^^^^^^^^^^^^^^
  File "$REPO/src/textrpg/core.py", line 382, in _conditions_met
    raise RuleError(f"Unknown condition type: {kind}")
textrpg.core.RuleError: Unknown condition type: resource_min

======================================================================
FAIL: test_resource_requirements_validate_separately_from_modifier_paths (test_validation.ValidationTests.test_resource_requirements_validate_separately_from_modifier_paths)
----------------------------------------------------------------------
Traceback (most recent call last):
  File "$REPO/tests/test_validation.py", line 26, in test_resource_requirements_validate_separately_from_modifier_paths
    self.assertEqual(validate_scenes(scenes), [])
AssertionError: Lists differ: ["SCENE_A.choices[0].requires.condition[0] has unsupported type 'resource_min'"] != []

First list contains 1 additional elements.
First extra element 0:
"SCENE_A.choices[0].requires.condition[0] has unsupported type 'resource_min'"

- ["SCENE_A.choices[0].requires.condition[0] has unsupported type 'resource_min'"]
+ []

----------------------------------------------------------------------
Ran 3 tests in 0.005s

FAILED (failures=1, errors=5)
